// Jest Snapshot v1, https://goo.gl/fbAQLP

exports[`cards renders-correctly 1`] = `
"
            <div class=\\"row\\">
    <div class=\\"col-sm-12 col-md-6 col-lg-4\\" style=\\"padding-top: 24px;\\">
        <div class=\\"card\\">
            <div class=\\"card-body\\">
                <h5 class=\\"card-title\\">Card Primary</h5>
                <p class=\\"card-text\\">Lorem ipsum dolor sit amet, consetetur sadipscing elitr, sed diam</p>
                <a href=\\"#\\" class=\\"btn btn-primary\\">Go somewhere</a>
            </div>
        </div>
    </div>
    <div class=\\"col-sm-12 col-md-6 col-lg-4\\" style=\\"padding-top: 24px;\\">
        <div class=\\"card\\">
            <div class=\\"card-body\\">
                <h5 class=\\"card-title\\">Card Secondary</h5>
                <p class=\\"card-text\\">Lorem ipsum dolor sit amet, consetetur sadipscing elitr, sed diam nonumy eirmod tempor invidunt ut</p>
                <a href=\\"#\\" class=\\"btn btn-secondary\\">Go somewhere</a>
            </div>
        </div>
    </div>
    <div class=\\"col-sm-12 col-md-6 col-lg-4\\" style=\\"padding-top: 24px;\\">
        <div class=\\"card\\">
            <div class=\\"card-body\\">
                <h5 class=\\"card-title\\">Card Danger</h5>
                <p class=\\"card-text\\">Lorem ipsum dolor sit amet, consetetur sadipscing</p>
                <p class=\\"card-text\\">elitr, sed diam nonumy eirmod tempor invidunt ut</p>
                <a href=\\"#\\" class=\\"btn btn-danger\\">Go somewhere</a>
            </div>
        </div>
    </div>
</div>


        "
`;
