// Jest Snapshot v1, https://goo.gl/fbAQLP

exports[`kickass-stage has-another-heading 1`] = `
"
            <h1>Kickass Stage Hello World</h1>

        "
`;

exports[`kickass-stage renders-correctly 1`] = `
"
            <h1>Kickass Stage</h1>

        "
`;
