// Jest Snapshot v1, https://goo.gl/fbAQLP

exports[`triple-stage renders-correctly 1`] = `
"
            <h1>Triple Stage</h1>

        "
`;

exports[`triple-stage renders-correctly 5`] = `
"
            <h1>nope</h1>

        "
`;
